[preview.colorlib.com/theme/roberto/index.html]
[backblue.gif]
[fade.gif]
[index.html]
[preview.colorlib.com/theme/roberto/img/core-img/favicon.png]
[preview.colorlib.com/theme/roberto/style.css]
[preview.colorlib.com/theme/roberto/index-2.html]
[preview.colorlib.com/theme/roberto/img/core-img/logo.png]
[preview.colorlib.com/theme/roberto/room.html]
[preview.colorlib.com/theme/roberto/about.html]
[preview.colorlib.com/theme/roberto/single-room.html]
[preview.colorlib.com/theme/roberto/blog.html]
[preview.colorlib.com/theme/roberto/single-blog.html]
[preview.colorlib.com/theme/roberto/contact.html]
[preview.colorlib.com/theme/roberto/img/bg-img/16.jpg]
[preview.colorlib.com/theme/roberto/img/bg-img/17.jpg]
[preview.colorlib.com/theme/roberto/img/bg-img/18.jpg]
[preview.colorlib.com/theme/roberto/img/core-img/signature.png]
[preview.colorlib.com/theme/roberto/img/bg-img/13.jpg]
[preview.colorlib.com/theme/roberto/img/bg-img/14.jpg]
[preview.colorlib.com/theme/roberto/img/bg-img/15.jpg]
[preview.colorlib.com/theme/roberto/img/core-img/icon-1.png]
[preview.colorlib.com/theme/roberto/img/core-img/icon-2.png]
[preview.colorlib.com/theme/roberto/img/core-img/icon-3.png]
[preview.colorlib.com/theme/roberto/img/core-img/icon-4.png]
[preview.colorlib.com/theme/roberto/img/bg-img/10.jpg]
[preview.colorlib.com/theme/roberto/img/bg-img/11.jpg]
[preview.colorlib.com/theme/roberto/img/bg-img/5.jpg]
[preview.colorlib.com/theme/roberto/img/bg-img/6.jpg]
[preview.colorlib.com/theme/roberto/img/bg-img/7.jpg]
[preview.colorlib.com/theme/roberto/img/bg-img/8.jpg]
[preview.colorlib.com/theme/roberto/img/bg-img/9.jpg]
[preview.colorlib.com/theme/roberto/img/bg-img/2.jpg]
[preview.colorlib.com/theme/roberto/img/bg-img/3.jpg]
[preview.colorlib.com/theme/roberto/img/bg-img/4.jpg]
[preview.colorlib.com/theme/roberto/img/bg-img/1.jpg]
[preview.colorlib.com/theme/roberto/img/core-img/p1.png]
[preview.colorlib.com/theme/roberto/img/core-img/p2.png]
[preview.colorlib.com/theme/roberto/img/core-img/p3.png]
[preview.colorlib.com/theme/roberto/img/core-img/p4.png]
[preview.colorlib.com/theme/roberto/img/core-img/p5.png]
[preview.colorlib.com/theme/roberto/img/core-img/logo2.png]
[preview.colorlib.com/cdn-cgi/scripts/5c5dd728/cloudflare-static/email-decode.min.js]
[preview.colorlib.com/theme/roberto/js/jquery.min.js]
[preview.colorlib.com/theme/roberto/js/popper.min.js]
[preview.colorlib.com/theme/roberto/js/bootstrap.min.js]
[preview.colorlib.com/theme/roberto/js/roberto.bundle.js]
[preview.colorlib.com/theme/roberto/js/default-assets/active.js]
[preview.colorlib.com/theme/roberto/index.html]
[preview.colorlib.com/theme/roberto/css/bootstrap.min.css]
[preview.colorlib.com/theme/roberto/css/animate.css]
[preview.colorlib.com/theme/roberto/css/default-assets/classy-nav.css]
[preview.colorlib.com/theme/roberto/css/owl.carousel.min.css]
[preview.colorlib.com/theme/roberto/css/magnific-popup.css]
[preview.colorlib.com/theme/roberto/css/nice-select.css]
[preview.colorlib.com/theme/roberto/css/font-awesome.min.css]
[preview.colorlib.com/theme/roberto/css/style.css]
[preview.colorlib.com/theme/roberto/css/bootstrap-datepicker.min.css]
[preview.colorlib.com/theme/roberto/css/jquery-ui.min.css]
[preview.colorlib.com/theme/roberto/style.css]
[preview.colorlib.com/cdn-cgi/zaraz/sd0d9.js]
[preview.colorlib.com/theme/roberto/index-2.html]
[preview.colorlib.com/theme/roberto/img/bg-img/43.jpg]
[preview.colorlib.com/theme/roberto/img/bg-img/44.jpg]
[preview.colorlib.com/theme/roberto/img/bg-img/45.jpg]
[preview.colorlib.com/theme/roberto/img/bg-img/46.jpg]
[preview.colorlib.com/theme/roberto/img/bg-img/47.jpg]
[preview.colorlib.com/theme/roberto/room.html]
[preview.colorlib.com/theme/roberto/img/bg-img/19.jpg]
[preview.colorlib.com/theme/roberto/img/bg-img/20.jpg]
[preview.colorlib.com/theme/roberto/img/bg-img/21.jpg]
[preview.colorlib.com/theme/roberto/img/bg-img/22.jpg]
[preview.colorlib.com/theme/roberto/img/bg-img/23.jpg]
[preview.colorlib.com/theme/roberto/about.html]
[preview.colorlib.com/theme/roberto/img/bg-img/48.jpg]
[preview.colorlib.com/theme/roberto/img/bg-img/49.jpg]
[preview.colorlib.com/theme/roberto/img/bg-img/50.jpg]
[preview.colorlib.com/theme/roberto/img/bg-img/51.jpg]
[preview.colorlib.com/theme/roberto/img/bg-img/52.jpg]
[preview.colorlib.com/theme/roberto/img/core-img/icon1.png]
[preview.colorlib.com/theme/roberto/img/core-img/icon2.png]
[preview.colorlib.com/theme/roberto/img/core-img/icon3.png]
[preview.colorlib.com/theme/roberto/img/core-img/icon4.png]
[preview.colorlib.com/theme/roberto/img/core-img/icon5.png]
[preview.colorlib.com/theme/roberto/img/core-img/icon6.png]
[preview.colorlib.com/theme/roberto/img/bg-img/53.jpg]
[preview.colorlib.com/theme/roberto/img/bg-img/54.jpg]
[preview.colorlib.com/theme/roberto/img/bg-img/55.jpg]
[preview.colorlib.com/theme/roberto/single-room.html]
[preview.colorlib.com/theme/roberto/img/bg-img/24.jpg]
[preview.colorlib.com/theme/roberto/img/bg-img/25.jpg]
[preview.colorlib.com/theme/roberto/img/bg-img/26.jpg]
[preview.colorlib.com/theme/roberto/img/bg-img/27.jpg]
[preview.colorlib.com/theme/roberto/img/bg-img/28.jpg]
[preview.colorlib.com/theme/roberto/img/bg-img/29.jpg]
[preview.colorlib.com/theme/roberto/img/bg-img/30.jpg]
[preview.colorlib.com/theme/roberto/img/bg-img/31.jpg]
[preview.colorlib.com/theme/roberto/img/bg-img/32.jpg]
[preview.colorlib.com/theme/roberto/img/bg-img/33.jpg]
[preview.colorlib.com/theme/roberto/img/bg-img/34.jpg]
[preview.colorlib.com/theme/roberto/img/bg-img/35.jpg]
[preview.colorlib.com/theme/roberto/img/bg-img/36.jpg]
[preview.colorlib.com/theme/roberto/img/bg-img/37.jpg]
[preview.colorlib.com/theme/roberto/img/bg-img/38.jpg]
[preview.colorlib.com/theme/roberto/blog.html]
[preview.colorlib.com/theme/roberto/img/bg-img/39.jpg]
[preview.colorlib.com/theme/roberto/img/core-img/quote.png]
[preview.colorlib.com/theme/roberto/img/bg-img/40.jpg]
[preview.colorlib.com/theme/roberto/img/bg-img/41.jpg]
[preview.colorlib.com/theme/roberto/img/bg-img/42.jpg]
[preview.colorlib.com/theme/roberto/single-blog.html]
[preview.colorlib.com/theme/roberto/contact.html]
[preview.colorlib.com/theme/roberto/css/bootstrap.min.css]
[preview.colorlib.com/theme/roberto/css/animate.css]
[preview.colorlib.com/theme/roberto/fonts/classy-fontscb9b.eot]
[preview.colorlib.com/theme/roberto/fonts/classy-fontscb9b.ttf]
[preview.colorlib.com/theme/roberto/fonts/classy-fontscb9b.woff]
[preview.colorlib.com/theme/roberto/css/default-assets/classy-nav.css]
[preview.colorlib.com/theme/roberto/fonts/classy-fontscb9b.svg]
[preview.colorlib.com/theme/roberto/css/owl.video.play.png]
[preview.colorlib.com/theme/roberto/css/owl.carousel.min.css]
[preview.colorlib.com/theme/roberto/css/magnific-popup.css]
[preview.colorlib.com/theme/roberto/css/nice-select.css]
[preview.colorlib.com/theme/roberto/fonts/fontawesome-webfont3e6e.eot]
[preview.colorlib.com/theme/roberto/fonts/fontawesome-webfontd41d.eot]
[preview.colorlib.com/theme/roberto/fonts/fontawesome-webfont3e6e.woff2]
[preview.colorlib.com/theme/roberto/fonts/fontawesome-webfont3e6e.woff]
[preview.colorlib.com/theme/roberto/fonts/fontawesome-webfont3e6e.ttf]
[preview.colorlib.com/theme/roberto/css/font-awesome.min.css]
[preview.colorlib.com/theme/roberto/css/fonts/ElegantIcons.eot]
[preview.colorlib.com/theme/roberto/css/fonts/ElegantIconsd41d.eot]
[preview.colorlib.com/theme/roberto/css/fonts/ElegantIcons.woff]
[preview.colorlib.com/theme/roberto/css/fonts/ElegantIcons.ttf]
[preview.colorlib.com/theme/roberto/fonts/fontawesome-webfont3e6e.svg]
[preview.colorlib.com/theme/roberto/css/style.css]
[preview.colorlib.com/theme/roberto/css/bootstrap-datepicker.min.css]
[preview.colorlib.com/theme/roberto/css/jquery-ui.min.css]
[preview.colorlib.com/theme/roberto/fonts/classy-fontscb9b.svg]
[preview.colorlib.com/theme/roberto/css/owl.video.play.html]
[preview.colorlib.com/theme/roberto/fonts/fontawesome-webfont3e6e.svg]
[preview.colorlib.com/theme/roberto/css/fonts/ElegantIcons.svg]
[preview.colorlib.com/theme/roberto/css/fonts/ElegantIcons.svg]
